// Jest Snapshot v1, https://goo.gl/fbAQLP

exports[`Filters render correctly 1`] = `
<div class="page">
  <h1 id="top" class="mb-3">
    <router-link-stub to="/guide/filters#top" tag="a" event="click" class="header-anchor"><span class="header-anchor--hash">#</span>
      Filters
    </router-link-stub>
  </h1>
  <p>
    Just like the <code>provide</code> the <code>filters</code> are available
    in the <code>runtime-template-compiler</code>. The same as the other
    parent property you use them as if you are writing bindings in the
    parent's compiled template.
  </p> <pre class="language-html mb-4"><code>&lt;template&gt;
  &lt;runtime-template-compiler :template="template" /&gt;
&lt;/template&gt;

&lt;script&gt;
import { RuntimeTemplateCompiler } from 'vue-runtime-template-compiler'
import moment from 'moment'

export default {
  components: {
    RuntimeTemplateCompiler
  },
  filters: {
    formatDate(date, mask) {
      return moment(date).format(mask)
    }
  },
  data: () =&gt; ({
    template: \`
      &lt;div&gt;
        Hi I'm {{user.name}}, my birthday is {{ user.birthday | formatDate('DD/MM/YYY') }}!
      &lt;/div&gt;
    \`,
    user: {
      name: "Bob",
      birthday: new Date(1986,10,30)
    }
  })
}
&lt;/script&gt;</code></pre>
  <pagenav-stub></pagenav-stub>
</div>
`;
