// Jest Snapshot v1, https://goo.gl/fbAQLP

exports[`Props render correctly 1`] = `
<div class="page">
  <h1 id="top" class="mb-3">
    <router-link-stub to="/guide/props#top" tag="a" event="click" class="header-anchor"><span class="header-anchor--hash">#</span>
      Props
    </router-link-stub>
  </h1>
  <p>
    Just like the <code>computed</code> the <code>props</code> properties are
    available in the <code>runtime-template-compiler</code>. The same as the
    other parent property you use them as if you are writing bindings in the
    parent's compiled template.
  </p> <pre class="language-html mb-4"><code>&lt;template&gt;
  &lt;runtime-template-compiler :template="template" /&gt;
&lt;/template&gt;

&lt;script&gt;
import { RuntimeTemplateCompiler } from 'vue-runtime-template-compiler'

export default {
  components: {
    RuntimeTemplateCompiler
  },
  props: {
    firstName: {
      type: String,
      default: 'Bob'
    },
    lastName: {
      type: String,
      default: 'Example'
    }
  }
  data: () =&gt; ({
    template: \`&lt;div&gt;{{ greeting }}!&lt;/div&gt;\`,
  }),
  computed: {
    fullName() {
      return \`\${this.firstName} \${this.lastName}\`
    }
  }
}
&lt;/script&gt;</code></pre>
  <pagenav-stub></pagenav-stub>
</div>
`;
