// Jest Snapshot v1, https://goo.gl/fbAQLP

exports[`Content render correctly 1`] = `
<main class="col-md-9 col-xl-9 offset-md-3 offset-xl-3 py-md-3 px-md-5 content">
  <router-view-stub name="default"></router-view-stub>
</main>
`;
